2026-08-31 19:55:50 0 [Note] Starting MariaDB 11.4.2-MariaDB source revision 3fca5ed772fb75e3e57c507edef2985f8eba5b12 as process 15904
2026-08-31 19:55:50 0 [Note] InnoDB: The first data file './ibdata1' did not exist. A new tablespace will be created!
2026-08-31 19:55:50 0 [Note] InnoDB: Compressed tables use zlib 1.3.1
2026-08-31 19:55:50 0 [Note] InnoDB: Number of transaction pools: 1
2026-08-31 19:55:50 0 [Note] InnoDB: Using crc32 + pclmulqdq instructions
2026-08-31 19:55:50 0 [Note] InnoDB: Initializing buffer pool, total size = 20.000MiB, chunk size = 1.000MiB
2026-08-31 19:55:50 0 [Note] InnoDB: Completed initialization of buffer pool
2026-08-31 19:55:50 0 [Note] InnoDB: Setting file './ibdata1' size to 12.000MiB. Physically writing the file full; Please wait ...
2026-08-31 19:55:50 0 [Note] InnoDB: File './ibdata1' size is now 12.000MiB.
2026-08-31 19:55:50 0 [Note] InnoDB: File system buffers for log disabled (block size=512 bytes)
2026-08-31 19:55:50 0 [Note] InnoDB: Data file .//undo001 did not exist: new to be created
2026-08-31 19:55:50 0 [Note] InnoDB: Setting file .//undo001 size to 10.000MiB
2026-08-31 19:55:50 0 [Note] InnoDB: Database physically writes the file full: wait...
2026-08-31 19:55:50 0 [Note] InnoDB: Data file .//undo002 did not exist: new to be created
2026-08-31 19:55:50 0 [Note] InnoDB: Setting file .//undo002 size to 10.000MiB
2026-08-31 19:55:50 0 [Note] InnoDB: Database physically writes the file full: wait...
2026-08-31 19:55:50 0 [Note] InnoDB: Data file .//undo003 did not exist: new to be created
2026-08-31 19:55:50 0 [Note] InnoDB: Setting file .//undo003 size to 10.000MiB
2026-08-31 19:55:50 0 [Note] InnoDB: Database physically writes the file full: wait...
2026-08-31 19:55:50 0 [Note] InnoDB: Doublewrite buffer not found: creating new
2026-08-31 19:55:50 0 [Note] InnoDB: Opened 3 undo tablespaces
2026-08-31 19:55:50 0 [Note] InnoDB: 128 rollback segments in 3 undo tablespaces are active.
2026-08-31 19:55:50 0 [Note] InnoDB: Setting file './ibtmp1' size to 12.000MiB. Physically writing the file full; Please wait ...
2026-08-31 19:55:50 0 [Note] InnoDB: File './ibtmp1' size is now 12.000MiB.
2026-08-31 19:55:50 0 [Note] InnoDB: log sequence number 0; transaction id 3
2026-08-31 19:55:50 0 [Note] Plugin 'FEEDBACK' is disabled.
2026-08-31 19:55:50 0 [Note] mysqld.exe: SSPI: using principal name 'localhost', mech 'Negotiate'
2026-08-31 19:56:26 0 [Note] Starting MariaDB 11.4.2-MariaDB source revision 3fca5ed772fb75e3e57c507edef2985f8eba5b12 as process 15828
2026-08-31 19:56:26 0 [Note] InnoDB: Compressed tables use zlib 1.3.1
2026-08-31 19:56:26 0 [Note] InnoDB: Number of transaction pools: 1
2026-08-31 19:56:26 0 [Note] InnoDB: Using crc32 + pclmulqdq instructions
2026-08-31 19:56:26 0 [Note] InnoDB: Initializing buffer pool, total size = 128.000MiB, chunk size = 2.000MiB
2026-08-31 19:56:26 0 [Note] InnoDB: Completed initialization of buffer pool
2026-08-31 19:56:26 0 [Note] InnoDB: File system buffers for log disabled (block size=512 bytes)
2026-08-31 19:56:26 0 [Note] InnoDB: End of log at LSN=47763
2026-08-31 19:56:26 0 [Note] InnoDB: Opened 3 undo tablespaces
2026-08-31 19:56:26 0 [Note] InnoDB: 128 rollback segments in 3 undo tablespaces are active.
2026-08-31 19:56:26 0 [Note] InnoDB: Setting file './ibtmp1' size to 12.000MiB. Physically writing the file full; Please wait ...
2026-08-31 19:56:26 0 [Note] InnoDB: File './ibtmp1' size is now 12.000MiB.
2026-08-31 19:56:26 0 [Note] InnoDB: log sequence number 47763; transaction id 14
2026-08-31 19:56:26 0 [Note] Plugin 'FEEDBACK' is disabled.
2026-08-31 19:56:26 0 [Note] InnoDB: Loading buffer pool(s) from D:\projects\SHOPIFY\mariadb\mariadb-11.4.2-winx64\data\ib_buffer_pool
2026-08-31 19:56:26 0 [Note] mysqld.exe: SSPI: using principal name 'localhost', mech 'Negotiate'
2026-08-31 19:56:26 0 [Note] InnoDB: Buffer pool(s) load completed at 260831 19:56:26
2026-08-31 19:56:27 0 [Note] Server socket created on IP: '::'.
2026-08-31 19:56:27 0 [Note] Server socket created on IP: '0.0.0.0'.
2026-08-31 19:56:27 0 [Note] mysqld.exe: Event Scheduler: Loaded 0 events
2026-08-31 19:56:27 0 [Note] D:\projects\SHOPIFY\mariadb\mariadb-11.4.2-winx64\bin\mysqld.exe: ready for connections.
Version: '11.4.2-MariaDB'  socket: ''  port: 3306  mariadb.org binary distribution
2026-08-31 19:57:12 5 [Warning] Aborted connection 5 to db: 'unconnected' user: 'unauthenticated' host: 'localhost' (Got an error reading communication packets)
2026-08-31 19:57:12 5 [Warning] Aborted connection 5 to db: 'unconnected' user: 'unauthenticated' host: 'localhost' (This connection closed normally without authentication)
2026-08-31 19:57:43 8 [Warning] Aborted connection 8 to db: 'unconnected' user: 'unauthenticated' host: 'localhost' (Got an error reading communication packets)
2026-08-31 19:57:43 8 [Warning] Aborted connection 8 to db: 'unconnected' user: 'unauthenticated' host: 'localhost' (This connection closed normally without authentication)
2026-08-31 19:58:00 11 [Warning] Aborted connection 11 to db: 'unconnected' user: 'unauthenticated' host: 'localhost' (Got an error reading communication packets)
2026-08-31 19:58:00 11 [Warning] Aborted connection 11 to db: 'unconnected' user: 'unauthenticated' host: 'localhost' (This connection closed normally without authentication)
2026-08-31 21:10:06 0 [Note] Starting MariaDB 11.4.2-MariaDB source revision 3fca5ed772fb75e3e57c507edef2985f8eba5b12 as process 7048
2026-08-31 21:10:06 0 [Note] InnoDB: Compressed tables use zlib 1.3.1
2026-08-31 21:10:06 0 [Note] InnoDB: Number of transaction pools: 1
2026-08-31 21:10:06 0 [Note] InnoDB: Using crc32 + pclmulqdq instructions
2026-08-31 21:10:06 0 [Note] InnoDB: Initializing buffer pool, total size = 128.000MiB, chunk size = 2.000MiB
2026-08-31 21:10:06 0 [Note] InnoDB: Completed initialization of buffer pool
2026-08-31 21:10:06 0 [Note] InnoDB: File system buffers for log disabled (block size=512 bytes)
2026-08-31 21:10:06 0 [Note] InnoDB: Starting crash recovery from checkpoint LSN=47747
2026-08-31 21:10:06 0 [Note] InnoDB: End of log at LSN=48114925
2026-08-31 21:10:06 0 [Note] InnoDB: To recover: 3586 pages
2026-08-31 21:10:06 0 [Note] InnoDB: Opened 3 undo tablespaces
2026-08-31 21:10:06 0 [Note] InnoDB: 128 rollback segments in 3 undo tablespaces are active.
2026-08-31 21:10:06 0 [Note] InnoDB: Removed temporary tablespace data file: "./ibtmp1"
2026-08-31 21:10:06 0 [Note] InnoDB: Setting file './ibtmp1' size to 12.000MiB. Physically writing the file full; Please wait ...
2026-08-31 21:10:06 0 [Note] InnoDB: File './ibtmp1' size is now 12.000MiB.
2026-08-31 21:10:06 0 [Note] InnoDB: log sequence number 48114925; transaction id 428
2026-08-31 21:10:06 0 [Note] InnoDB: Loading buffer pool(s) from D:\projects\SHOPIFY\mariadb\mariadb-11.4.2-winx64\data\ib_buffer_pool
2026-08-31 21:10:06 0 [Note] Plugin 'FEEDBACK' is disabled.
2026-08-31 21:10:06 0 [Note] mysqld.exe: SSPI: using principal name 'localhost', mech 'Negotiate'
2026-08-31 21:10:06 0 [Note] InnoDB: Buffer pool(s) load completed at 260831 21:10:06
2026-08-31 21:10:06 0 [Note] Recovering after a crash using tc.log
2026-08-31 21:10:06 0 [Note] Starting table crash recovery...
2026-08-31 21:10:06 0 [Note] Crash table recovery finished.
2026-08-31 21:10:07 0 [Note] Server socket created on IP: '::'.
2026-08-31 21:10:07 0 [Note] Server socket created on IP: '0.0.0.0'.
2026-08-31 21:10:07 0 [Note] mysqld.exe: Event Scheduler: Loaded 0 events
2026-08-31 21:10:07 0 [Note] D:\projects\SHOPIFY\mariadb\mariadb-11.4.2-winx64\bin\mysqld.exe: ready for connections.
Version: '11.4.2-MariaDB'  socket: ''  port: 3306  mariadb.org binary distribution
2026-08-31 21:15:43 0 [Note] Starting MariaDB 11.4.2-MariaDB source revision 3fca5ed772fb75e3e57c507edef2985f8eba5b12 as process 19664
2026-08-31 21:15:43 0 [ERROR] InnoDB: The data file './ibdata1' must be writable
2026-08-31 21:15:43 0 [ERROR] InnoDB: The data file './ibdata1' must be writable
2026-08-31 21:15:43 0 [ERROR] Plugin 'InnoDB' registration as a STORAGE ENGINE failed.
2026-08-31 21:15:43 0 [Note] Plugin 'FEEDBACK' is disabled.
2026-08-31 21:15:43 0 [Note] mysqld.exe: SSPI: using principal name 'localhost', mech 'Negotiate'
2026-08-31 21:15:43 0 [ERROR] Unknown/unsupported storage engine: InnoDB
2026-08-31 21:15:43 0 [ERROR] Aborting
2026-08-31 21:24:28 0 [Note] console_event_handler: received CTRL_CLOSE_EVENT event, terminating
